 klsp

 Timestamp is 517f08db (Mon Apr 29 20:57:15 2013)

 Preferred load address is 10000000

 Start         Length     Name                   Class
 0001:00000000 000071b0H .text                   CODE
 0002:00000000 0000018cH .idata$5                DATA
 0002:0000018c 00000004H .CRT$XCA                DATA
 0002:00000190 00000004H .CRT$XCZ                DATA
 0002:00000194 00000004H .CRT$XIA                DATA
 0002:00000198 00000004H .CRT$XIAA               DATA
 0002:0000019c 00000004H .CRT$XIZ                DATA
 0002:000001a0 000006a8H .rdata                  DATA
 0002:00000848 00000090H .rdata$r                DATA
 0002:000008e0 00000004H .rdata$sxdata           DATA
 0002:000008e4 00000004H .rtc$IAA                DATA
 0002:000008e8 00000004H .rtc$IZZ                DATA
 0002:000008ec 00000004H .rtc$TAA                DATA
 0002:000008f0 00000004H .rtc$TZZ                DATA
 0002:000008f8 000000a4H .xdata$x                DATA
 0002:0000099c 00000078H .idata$2                DATA
 0002:00000a14 00000014H .idata$3                DATA
 0002:00000a28 0000018cH .idata$4                DATA
 0002:00000bb4 000006aeH .idata$6                DATA
 0002:00001270 00000046H .edata                  DATA
 0003:00000000 000001a0H .data                   DATA
 0003:000001a0 000003f0H .bss                    DATA

  Address         Publics by Value              Rva+Base       Lib:Object

 0000:00000001       ___safe_se_handler_count   00000001     <absolute>
 0000:00000000       ___ImageBase               10000000     <linker-defined>
 0001:00000000       ??0DBUFFERMANAGER@@QAE@XZ  10001000 f   dbuffmgr.obj
 0001:00000020       ?Initialize@DBUFFERMANAGER@@QAEHXZ 10001020 f   dbuffmgr.obj
 0001:00000030       ??1DBUFFERMANAGER@@QAE@XZ  10001030 f   dbuffmgr.obj
 0001:00000050       ?AllocBuffer@DBUFFERMANAGER@@QAEHPAU_WSABUF@@KPAPAU2@PAK@Z 10001050 f   dbuffmgr.obj
 0001:00000070       ?FreeBuffer@DBUFFERMANAGER@@QAEXPAU_WSABUF@@K@Z 10001070 f   dbuffmgr.obj
 0001:00000080       ?CopyBuffer@DBUFFERMANAGER@@UAEHPAU_WSABUF@@KKK0KK@Z 10001080 f   dbuffmgr.obj
 0001:00000090       ??0DOVERLAPPEDSTRUCTMGR@@QAE@XZ 10001090 f   doverlap.obj
 0001:000000c0       ?Initialize@DOVERLAPPEDSTRUCTMGR@@QAEHXZ 100010c0 f   doverlap.obj
 0001:00000170       ??1DOVERLAPPEDSTRUCTMGR@@QAE@XZ 10001170 f   doverlap.obj
 0001:000001d0       ?AllocateOverlappedStruct@DOVERLAPPEDSTRUCTMGR@@QAEPAU_INTERNALOVERLAPPEDSTRUCT@@XZ 100011d0 f   doverlap.obj
 0001:00000200       ?FreeOverlappedStruct@DOVERLAPPEDSTRUCTMGR@@QAEXPAU_OVERLAPPED@@@Z 10001200 f   doverlap.obj
 0001:00000220       ?PopOverlappedStruct@DOVERLAPPEDSTRUCTMGR@@AAEPAU_INTERNALOVERLAPPEDSTRUCT@@XZ 10001220 f   doverlap.obj
 0001:00000290       ?PushOverlappedStruct@DOVERLAPPEDSTRUCTMGR@@AAEXPAU_OVERLAPPED@@@Z 10001290 f   doverlap.obj
 0001:00000300       ?GetInternalOverlappedStructure@DOVERLAPPEDSTRUCTMGR@@QAEPAU_INTERNALOVERLAPPEDSTRUCT@@PAU_OVERLAPPED@@@Z 10001300 f   doverlap.obj
 0001:00000330       ?AsyncThreadProc@@YAKK@Z   10001330 f   dasyncw.obj
 0001:000003a0       ?AsyncWndProc@@YGJPAUHWND__@@IIJ@Z 100013a0 f   dasyncw.obj
 0001:00000430       ??0DASYNCWINDOW@@QAE@XZ    10001430 f   dasyncw.obj
 0001:00000460       ??1DASYNCWINDOW@@QAE@XZ    10001460 f   dasyncw.obj
 0001:00000470       ?Initialize@DASYNCWINDOW@@QAEHXZ 10001470 f   dasyncw.obj
 0001:000004e0       ?Destroy@DASYNCWINDOW@@QAEXXZ 100014e0 f   dasyncw.obj
 0001:00000520       ?CreateAsyncWindow@DASYNCWINDOW@@QAEKXZ 10001520 f   dasyncw.obj
 0001:00000610       ?ProcessAsyncMessage@DASYNCWINDOW@@QAEHIIJ@Z 10001610 f   dasyncw.obj
 0001:000006e0       ?RegisterSocket@DASYNCWINDOW@@QAEHPAVDSOCKET@@@Z 100016e0 f   dasyncw.obj
 0001:00000740       ??_GDASYNCWINDOW@@QAEPAXI@Z 10001740 f i dasyncw.obj
 0001:00000770       ?WSPAsyncSelect@DPROVIDER@@QAEHIPAUHWND__@@IJPAH@Z 10001770 f i dasyncw.obj
 0001:000007b0       ?GetDProvider@DSOCKET@@QAEPAVDPROVIDER@@XZ 100017b0 f i dasyncw.obj
 0001:000007c0       ?GetProviderSocket@DSOCKET@@QAEIXZ 100017c0 f i dasyncw.obj
 0001:000007e0       ?GetAsyncEventMask@DSOCKET@@QAEJXZ 100017e0 f i dasyncw.obj
 0001:00000800       ?APCProc@@YGXK@Z           10001800 f   dworker.obj
 0001:00000850       ?OverlappedCompletionProc@@YGXKKPAU_OVERLAPPED@@K@Z 10001850 f   dworker.obj
 0001:00000af0       ?InitiateOverlappedOperation@@YAXPAU_INTERNALOVERLAPPEDSTRUCT@@P6GXKKPAU_OVERLAPPED@@K@ZPAU_WSATHREADID@@@Z 10001af0 f   dworker.obj
 0001:00000ec0       ?WorkerThreadProc@@YAKK@Z  10001ec0 f   dworker.obj
 0001:00000f30       ??0DWORKERTHREAD@@QAE@XZ   10001f30 f   dworker.obj
 0001:00000f90       ?Destroy@DWORKERTHREAD@@QAEXXZ 10001f90 f   dworker.obj
 0001:00000ff0       ??1DWORKERTHREAD@@QAE@XZ   10001ff0 f   dworker.obj
 0001:000011c0       ?Initialize@DWORKERTHREAD@@QAEHXZ 100021c0 f   dworker.obj
 0001:000013a0       ?WorkerThreadProc@DWORKERTHREAD@@QAEKXZ 100023a0 f   dworker.obj
 0001:00001490       ?QueueOverlappedRecv@DWORKERTHREAD@@QAEHPAVDSOCKET@@PAU_WSABUF@@KPAK2PAU_OVERLAPPED@@P6GXKK3K@ZPAU_WSATHREADID@@1KPAH@Z 10002490 f   dworker.obj
 0001:00001690       ?QueueOverlappedRecvFrom@DWORKERTHREAD@@QAEHPAVDSOCKET@@PAU_WSABUF@@KPAK2PAUsockaddr@@PAHPAU_OVERLAPPED@@P6GXKK5K@ZPAU_WSATHREADID@@1K4@Z 10002690 f   dworker.obj
 0001:000018a0       ?QueueOverlappedSend@DWORKERTHREAD@@QAEHPAVDSOCKET@@PAU_WSABUF@@KPAKKPAU_OVERLAPPED@@P6GXKK3K@ZPAU_WSATHREADID@@PAH@Z 100028a0 f   dworker.obj
 0001:000019f0       ?QueueOverlappedSendTo@DWORKERTHREAD@@QAEHPAVDSOCKET@@PAU_WSABUF@@KPAKKPBUsockaddr@@HPAU_OVERLAPPED@@P6GXKK4K@ZPAU_WSATHREADID@@PAH@Z 100029f0 f   dworker.obj
 0001:00001b50       ?QueueOverlappedIoctl@DWORKERTHREAD@@QAEHPAVDSOCKET@@KPAXK1KPAKPAU_OVERLAPPED@@P6GXKK3K@ZPAU_WSATHREADID@@PAH@Z 10002b50 f   dworker.obj
 0001:00001c30       ?QueueOverlappedAcceptEx@DWORKERTHREAD@@QAEHPAVDSOCKET@@0PAXKKKPAU_OVERLAPPED@@PAH@Z 10002c30 f   dworker.obj
 0001:00001d10       ?QueueOverlappedTransmitFile@DWORKERTHREAD@@QAEHPAVDSOCKET@@PAXKKPAU_OVERLAPPED@@PAU_TRANSMIT_FILE_BUFFERS@@KPAH@Z 10002d10 f   dworker.obj
 0001:00001e20       ?AddOverlappedOperation@DWORKERTHREAD@@AAEXPAVDSOCKET@@PAU_INTERNALOVERLAPPEDSTRUCT@@@Z 10002e20 f   dworker.obj
 0001:00001f00       ?NextOverlappedOperation@DWORKERTHREAD@@AAEPAU_INTERNALOVERLAPPEDSTRUCT@@XZ 10002f00 f   dworker.obj
 0001:00001f80       ?WSPGetOverlappedResult@DPROVIDER@@QAEHIPAU_OVERLAPPED@@PAKH1PAH@Z 10002f80 f i dworker.obj
 0001:00001fc0       ?WSPIoctl@DPROVIDER@@QAEHIKPAXK0KPAKPAU_OVERLAPPED@@P6GXKK2K@ZPAU_WSATHREADID@@PAH@Z 10002fc0 f i dworker.obj
 0001:00002020       ?WSPRecv@DPROVIDER@@QAEHIPAU_WSABUF@@KPAK1PAU_OVERLAPPED@@P6GXKK2K@ZPAU_WSATHREADID@@PAH@Z 10003020 f i dworker.obj
 0001:00002070       ?WSPRecvFrom@DPROVIDER@@QAEHIPAU_WSABUF@@KPAK1PAUsockaddr@@PAHPAU_OVERLAPPED@@P6GXKK4K@ZPAU_WSATHREADID@@3@Z 10003070 f i dworker.obj
 0001:000020d0       ?WSPSend@DPROVIDER@@QAEHIPAU_WSABUF@@KPAKKPAU_OVERLAPPED@@P6GXKK2K@ZPAU_WSATHREADID@@PAH@Z 100030d0 f i dworker.obj
 0001:00002120       ?WSPSendTo@DPROVIDER@@QAEHIPAU_WSABUF@@KPAKKPBUsockaddr@@HPAU_OVERLAPPED@@P6GXKK3K@ZPAU_WSATHREADID@@PAH@Z 10003120 f i dworker.obj
 0001:00002180       ?TransmitFile@DPROVIDER@@QAEHIPAXKKPAU_OVERLAPPED@@PAU_TRANSMIT_FILE_BUFFERS@@KPAH@Z 10003180 f i dworker.obj
 0001:00002220       ?AcceptEx@DPROVIDER@@QAEHIIPAXKKKPAKPAU_OVERLAPPED@@PAH@Z 10003220 f i dworker.obj
 0001:000022c0       ??_GDWORKERTHREAD@@QAEPAXI@Z 100032c0 f i dworker.obj
 0001:000022f0       ??_GDOVERLAPPEDSTRUCTMGR@@QAEPAXI@Z 100032f0 f i dworker.obj
 0001:00002320       ?GetSocketHandle@DSOCKET@@QAEIXZ 10003320 f i dworker.obj
 0001:00002340       ?GetCompletionContext@DSOCKET@@QAEKXZ 10003340 f i dworker.obj
 0001:00002360       ?SetCompletionContext@DSOCKET@@QAEXK@Z 10003360 f i dworker.obj
 0001:00002380       ??0DCATALOG@@QAE@XZ        10003380 f   dcatalog.obj
 0001:000023c0       ?Initialize@DCATALOG@@QAEHXZ 100033c0 f   dcatalog.obj
 0001:00002530       ??1DCATALOG@@QAE@XZ        10003530 f   dcatalog.obj
 0001:00002610       ?EnumerateCatalogItems@DCATALOG@@QAEXP6AHKPAVPROTO_CATALOG_ITEM@@@ZK@Z 10003610 f   dcatalog.obj
 0001:00002690       ?FindNextProviderInChain@DCATALOG@@QAEHPAU_WSAPROTOCOL_INFOW@@PAPAVDPROVIDER@@PAPAVPROTO_CATALOG_ITEM@@@Z 10003690 f   dcatalog.obj
 0001:00002890       ?GetCatalogItemFromCatalogEntryId@DCATALOG@@QAEHKPAPAVPROTO_CATALOG_ITEM@@@Z 10003890 f   dcatalog.obj
 0001:00002930       ?LoadProvider@DCATALOG@@AAEHPAVPROTO_CATALOG_ITEM@@PAU_WSAPROTOCOL_INFOW@@PAPAVDPROVIDER@@@Z 10003930 f   dcatalog.obj
 0001:00002a20       ?AppendCatalogItem@DCATALOG@@QAEXPAVPROTO_CATALOG_ITEM@@@Z 10003a20 f   dcatalog.obj
 0001:00002a90       ?RemoveCatalogItem@DCATALOG@@QAEXPAVPROTO_CATALOG_ITEM@@@Z 10003a90 f   dcatalog.obj
 0001:00002b10       ?AcquireCatalogLock@DCATALOG@@QAEXXZ 10003b10 f i dcatalog.obj
 0001:00002b30       ?ReleaseCatalogLock@DCATALOG@@QAEXXZ 10003b30 f i dcatalog.obj
 0001:00002b50       ??_GDPROVIDER@@QAEPAXI@Z   10003b50 f i dcatalog.obj
 0001:00002b80       ??_GPROTO_CATALOG_ITEM@@QAEPAXI@Z 10003b80 f i dcatalog.obj
 0001:00002bb0       ??0PROTO_CATALOG_ITEM@@QAE@XZ 10003bb0 f   dcatitem.obj
 0001:00002bf0       ?Initialize@PROTO_CATALOG_ITEM@@QAEHPAU_WSAPROTOCOL_INFOW@@@Z 10003bf0 f   dcatitem.obj
 0001:00002c60       ??1PROTO_CATALOG_ITEM@@QAE@XZ 10003c60 f   dcatitem.obj
 0001:00002c80       ?GetProtocolInfo@PROTO_CATALOG_ITEM@@QAEPAU_WSAPROTOCOL_INFOW@@XZ 10003c80 f   dcatitem.obj
 0001:00002cc0       ?GetLibraryPath@PROTO_CATALOG_ITEM@@QAEPA_WXZ 10003cc0 f   dcatitem.obj
 0001:00002d00       ?SetProviderCatalogEntry@PROTO_CATALOG_ITEM@@QAEXPAV1@@Z 10003d00 f   dcatitem.obj
 0001:00002d20       ?SetProvider@PROTO_CATALOG_ITEM@@QAEXPAVDPROVIDER@@@Z 10003d20 f   dcatitem.obj
 0001:00002d40       ?GetProvider@PROTO_CATALOG_ITEM@@QAEPAVDPROVIDER@@XZ 10003d40 f   dcatitem.obj
 0001:00002d60       ?GetProviderCatalogEntry@PROTO_CATALOG_ITEM@@QAEPAV1@XZ 10003d60 f   dcatitem.obj
 0001:00002d80       _DllMain@12                10003d80 f   dllmain.obj
 0001:00002e10       ??0DPROVIDER@@QAE@XZ       10003e10 f   dprovide.obj
 0001:00002e50       ??1DPROVIDER@@QAE@XZ       10003e50 f   dprovide.obj
 0001:00002ec0       ?Initialize@DPROVIDER@@QAEHPA_WPAU_WSAPROTOCOL_INFOW@@@Z 10003ec0 f   dprovide.obj
 0001:000032d0       ?InterceptExtensions@DPROVIDER@@QAEHPAX0PAH@Z 100042d0 f   dprovide.obj
 0001:00003370       ?WSPCleanup@DPROVIDER@@QAEHPAH@Z 10004370 f i dprovide.obj
 0001:000033a0       ?DSocketClassInitialize@DSOCKET@@SAHXZ 100043a0 f   dsocket.obj
 0001:000033d0       ?DSocketClassCleanup@DSOCKET@@SAHXZ 100043d0 f   dsocket.obj
 0001:00003480       ?FindDSocketFromProviderSocket@DSOCKET@@SAPAV1@I@Z 10004480 f   dsocket.obj
 0001:000034f0       ??0DSOCKET@@QAE@XZ         100044f0 f   dsocket.obj
 0001:00003560       ?Initialize@DSOCKET@@QAEHPAVDPROVIDER@@IKI@Z 10004560 f   dsocket.obj
 0001:000035f0       ?Remove@DSOCKET@@QAEXXZ    100045f0 f   dsocket.obj
 0001:00003640       ??1DSOCKET@@QAE@XZ         10004640 f   dsocket.obj
 0001:00003650       ?RegisterAsyncOperation@DSOCKET@@QAEXPAUHWND__@@IJ@Z 10004650 f   dsocket.obj
 0001:00003680       ?SignalAsyncEvents@DSOCKET@@QAEXJ@Z 10004680 f   dsocket.obj
 0001:000036b0       ?WSPCloseSocket@DPROVIDER@@QAEHIPAH@Z 100046b0 f i dsocket.obj
 0001:000036f0       ??_GDSOCKET@@QAEPAXI@Z     100046f0 f i dsocket.obj
 0001:00003730       ?GetAsyncWindow@@YAPAVDASYNCWINDOW@@XZ 10004730 f   spi.obj
 0001:000037f0       ?existeClaveRegistro@@YAHPAD0@Z 100047f0 f   spi.obj
 0001:00003890       ?EsIpPublica@@YA_NHHHH@Z   10004890 f   spi.obj
 0001:000038e0       ?GetWorkerThread@@YAPAVDWORKERTHREAD@@XZ 100048e0 f   spi.obj
 0001:000039a0       ?WSPAccept@@YGIIPAUsockaddr@@PAHP6GHPAU_WSABUF@@2PAU_QualityOfService@@322PAIK@ZK1@Z 100049a0 f   spi.obj
 0001:00003b50       ?WSPAcceptEx@@YGHIIPAXKKKPAKPAU_OVERLAPPED@@@Z 10004b50 f   spi.obj
 0001:00003cf0       ?WSPAddressToString@@YGHPAUsockaddr@@KPAU_WSAPROTOCOL_INFOW@@PA_WPAKPAH@Z 10004cf0 f   spi.obj
 0001:00003d70       ?WSPAsyncSelect@@YGHIPAUHWND__@@IJPAH@Z 10004d70 f   spi.obj
 0001:00003e10       ?WSPBind@@YGHIPBUsockaddr@@HPAH@Z 10004e10 f   spi.obj
 0001:00003e80       ?WSPCancelBlockingCall@@YGHPAH@Z 10004e80 f   spi.obj
 0001:00003ed0       ?WSPCleanup@@YGHPAH@Z      10004ed0 f   spi.obj
 0001:00004020       ?WSPCloseSocket@@YGHIPAH@Z 10005020 f   spi.obj
 0001:000040d0       ?WSPConnect@@YGHIPBUsockaddr@@HPAU_WSABUF@@1PAU_QualityOfService@@2PAH@Z 100050d0 f   spi.obj
 0001:00004550       ?WSPDuplicateSocket@@YGHIKPAU_WSAPROTOCOL_INFOW@@PAH@Z 10005550 f   spi.obj
 0001:00004610       ?WSPEnumNetworkEvents@@YGHIPAXPAU_WSANETWORKEVENTS@@PAH@Z 10005610 f   spi.obj
 0001:00004680       ?WSPEventSelect@@YGHIPAXJPAH@Z 10005680 f   spi.obj
 0001:000046f0       ?WSPGetOverlappedResult@@YGHIPAU_OVERLAPPED@@PAKH1PAH@Z 100056f0 f   spi.obj
 0001:000047d0       ?WSPGetPeerName@@YGHIPAUsockaddr@@PAH1@Z 100057d0 f   spi.obj
 0001:00004840       ?WSPGetQOSByName@@YGHIPAU_WSABUF@@PAU_QualityOfService@@PAH@Z 10005840 f   spi.obj
 0001:000048b0       ?WSPGetSockName@@YGHIPAUsockaddr@@PAH1@Z 100058b0 f   spi.obj
 0001:00004920       ?WSPGetSockOpt@@YGHIHHPADPAH1@Z 10005920 f   spi.obj
 0001:00004990       ?WSPIoctl@@YGHIKPAXK0KPAKPAU_OVERLAPPED@@P6GXKK2K@ZPAU_WSATHREADID@@PAH@Z 10005990 f   spi.obj
 0001:00004af0       ?WSPJoinLeaf@@YGIIPBUsockaddr@@HPAU_WSABUF@@1PAU_QualityOfService@@2KPAH@Z 10005af0 f   spi.obj
 0001:00004c60       ?WSPListen@@YGHIHPAH@Z     10005c60 f   spi.obj
 0001:00004cc0       ?WSPRecv@@YGHIPAU_WSABUF@@KPAK1PAU_OVERLAPPED@@P6GXKK2K@ZPAU_WSATHREADID@@PAH@Z 10005cc0 f   spi.obj
 0001:00004ea0       ?WSPRecvDisconnect@@YGHIPAU_WSABUF@@PAH@Z 10005ea0 f   spi.obj
 0001:00004f00       ?WSPRecvFrom@@YGHIPAU_WSABUF@@KPAK1PAUsockaddr@@PAHPAU_OVERLAPPED@@P6GXKK4K@ZPAU_WSATHREADID@@3@Z 10005f00 f   spi.obj
 0001:000050f0       ?TransferUserFdSetToProviderFdSet@@YAHPAUfd_set@@0PAUSOCKETMAP@@PAH@Z 100060f0 f   spi.obj
 0001:00005260       ?TransferProviderFdSetToUserFdSet@@YAHPAUfd_set@@0PAUSOCKETMAP@@PAH@Z 10006260 f   spi.obj
 0001:00005320       ?WSPSelect@@YGHHPAUfd_set@@00PBUtimeval@@PAH@Z 10006320 f   spi.obj
 0001:00005590       ?WSPSend@@YGHIPAU_WSABUF@@KPAKKPAU_OVERLAPPED@@P6GXKK2K@ZPAU_WSATHREADID@@PAH@Z 10006590 f   spi.obj
 0001:00005770       ?WSPSendDisconnect@@YGHIPAU_WSABUF@@PAH@Z 10006770 f   spi.obj
 0001:000057d0       ?WSPSendTo@@YGHIPAU_WSABUF@@KPAKKPBUsockaddr@@HPAU_OVERLAPPED@@P6GXKK3K@ZPAU_WSATHREADID@@PAH@Z 100067d0 f   spi.obj
 0001:000059c0       ?WSPSetSockOpt@@YGHIHHPBDHPAH@Z 100069c0 f   spi.obj
 0001:00005ab0       ?WSPShutdown@@YGHIHPAH@Z   10006ab0 f   spi.obj
 0001:00005b10       ?WSPSocket@@YGIHHHPAU_WSAPROTOCOL_INFOW@@IKPAH@Z 10006b10 f   spi.obj
 0001:00005ce0       ?WSPStringToAddress@@YGHPA_WHPAU_WSAPROTOCOL_INFOW@@PAUsockaddr@@PAH3@Z 10006ce0 f   spi.obj
 0001:00005d60       _WSPStartup@76             10006d60 f   spi.obj
 0001:00006000       ?WSPTransmitFile@@YGHIPAXKKPAU_OVERLAPPED@@PAU_TRANSMIT_FILE_BUFFERS@@K@Z 10007000 f   spi.obj
 0001:00006120       ?WSPAccept@DPROVIDER@@QAEIIPAUsockaddr@@PAHP6GHPAU_WSABUF@@2PAU_QualityOfService@@322PAIK@ZK1@Z 10007120 f i spi.obj
 0001:00006160       ?GetCatalogEntryId@DSOCKET@@QAEKXZ 10007160 f i spi.obj
 0001:00006180       ?GetLocalProvider@DCATALOG@@QAEPAVPROTO_CATALOG_ITEM@@XZ 10007180 f i spi.obj
 0001:000061a0       ?WSPAddressToString@DPROVIDER@@QAEHPAUsockaddr@@KPAU_WSAPROTOCOL_INFOW@@PA_WPAKPAH@Z 100071a0 f i spi.obj
 0001:000061e0       ?WSPBind@DPROVIDER@@QAEHIPBUsockaddr@@HPAH@Z 100071e0 f i spi.obj
 0001:00006220       ?WSPCancelBlockingCall@DPROVIDER@@QAEHPAH@Z 10007220 f i spi.obj
 0001:00006250       ??_GDCATALOG@@QAEPAXI@Z    10007250 f i spi.obj
 0001:00006280       ??_GDBUFFERMANAGER@@QAEPAXI@Z 10007280 f i spi.obj
 0001:000062b0       ?WSPConnect@DPROVIDER@@QAEHIPBUsockaddr@@HPAU_WSABUF@@1PAU_QualityOfService@@2PAH@Z 100072b0 f i spi.obj
 0001:00006300       ?WSPDuplicateSocket@DPROVIDER@@QAEHIKPAU_WSAPROTOCOL_INFOW@@PAH@Z 10007300 f i spi.obj
 0001:00006340       ?WSPEnumNetworkEvents@DPROVIDER@@QAEHIPAXPAU_WSANETWORKEVENTS@@PAH@Z 10007340 f i spi.obj
 0001:00006380       ?WSPEventSelect@DPROVIDER@@QAEHIPAXJPAH@Z 10007380 f i spi.obj
 0001:000063c0       ?WSPGetPeerName@DPROVIDER@@QAEHIPAUsockaddr@@PAH1@Z 100073c0 f i spi.obj
 0001:00006400       ?WSPGetQOSByName@DPROVIDER@@QAEHIPAU_WSABUF@@PAU_QualityOfService@@PAH@Z 10007400 f i spi.obj
 0001:00006440       ?WSPGetSockName@DPROVIDER@@QAEHIPAUsockaddr@@PAH1@Z 10007440 f i spi.obj
 0001:00006480       ?WSPGetSockOpt@DPROVIDER@@QAEHIHHPADPAH1@Z 10007480 f i spi.obj
 0001:000064c0       ?WSPJoinLeaf@DPROVIDER@@QAEHIPBUsockaddr@@HPAU_WSABUF@@1PAU_QualityOfService@@2KPAH@Z 100074c0 f i spi.obj
 0001:00006510       ?WSPListen@DPROVIDER@@QAEHIHPAH@Z 10007510 f i spi.obj
 0001:00006550       ?WSPRecvDisconnect@DPROVIDER@@QAEHIPAU_WSABUF@@PAH@Z 10007550 f i spi.obj
 0001:00006590       ?WSPSelect@DPROVIDER@@QAEHHPAUfd_set@@00PBUtimeval@@PAH@Z 10007590 f i spi.obj
 0001:000065d0       ?WSPSendDisconnect@DPROVIDER@@QAEHIPAU_WSABUF@@PAH@Z 100075d0 f i spi.obj
 0001:00006610       ?WSPSetSockOpt@DPROVIDER@@QAEHIHHPBDHPAH@Z 10007610 f i spi.obj
 0001:00006650       ?WSPShutdown@DPROVIDER@@QAEHIHPAH@Z 10007650 f i spi.obj
 0001:00006690       ?WSPSocket@DPROVIDER@@QAEHHHHPAU_WSAPROTOCOL_INFOW@@IKPAH@Z 10007690 f i spi.obj
 0001:00006700       ?WSPStringToAddress@DPROVIDER@@QAEHPA_WHPAU_WSAPROTOCOL_INFOW@@PAUsockaddr@@PAH3@Z 10007700 f i spi.obj
 0001:00006740       ?GetPreApiNotifyFP@@YAP6AHHPAXPADZZXZ 10007740 f   dthook.obj
 0001:00006750       ?GetPostApiNotifyFP@@YAP6AHHPAXPADZZXZ 10007750 f   dthook.obj
 0001:00006760       ?DTHookInitialize@@YAXXZ   10007760 f   dthook.obj
 0001:000067b0       ?DTHookShutdown@@YAXXZ     100077b0 f   dthook.obj
 0001:000067de       _WSCEnumProtocols@16       100077de f   ws2_32:WS2_32.dll
 0001:000067e4       _WSAGetLastError@0         100077e4 f   ws2_32:WS2_32.dll
 0001:000067ea       _closesocket@4             100077ea f   ws2_32:WS2_32.dll
 0001:000067f0       _htons@4                   100077f0 f   ws2_32:WS2_32.dll
 0001:000067f6       _inet_addr@4               100077f6 f   ws2_32:WS2_32.dll
 0001:0000684a       __CRT_INIT@12              1000784a f   MSVCRT:crtdll.obj
 0001:00006b6a       __DllMainCRTStartup@12     10007b6a f   MSVCRT:crtdll.obj
 0001:00006b8d       ??_Etype_info@@UAEPAXI@Z   10007b8d f i MSVCRT:ti_inst.obj
 0001:00006bda       ??2@YAPAXI@Z               10007bda f   MSVCRT:MSVCR100.dll
 0001:00006be0       ??3@YAXPAX@Z               10007be0 f   MSVCRT:MSVCR100.dll
 0001:00006be6       _memset                    10007be6 f   MSVCRT:MSVCR100.dll
 0001:00006bec       @__security_check_cookie@4 10007bec f   MSVCRT:secchk.obj
 0001:00006bfc       _memcpy                    10007bfc f   MSVCRT:MSVCR100.dll
 0001:00006c02       _memcmp                    10007c02 f   MSVCRT:MSVCR100.dll
 0001:00006c08       _strcpy                    10007c08 f   MSVCRT:MSVCR100.dll
 0001:00006c0e       _strlen                    10007c0e f   MSVCRT:MSVCR100.dll
 0001:00006c14       ___clean_type_info_names   10007c14 f   MSVCRT:tncleanup.obj
 0001:00006c20       __onexit                   10007c20 f   MSVCRT:atonexit.obj
 0001:00006cc1       _atexit                    10007cc1 f   MSVCRT:atonexit.obj
 0001:00006cd8       __RTC_Initialize           10007cd8 f   MSVCRT:_initsect_.obj
 0001:00006cfe       __RTC_Terminate            10007cfe f   MSVCRT:_initsect_.obj
 0001:00006d30       __ValidateImageBase        10007d30 f   MSVCRT:pesect.obj
 0001:00006d70       __FindPESection            10007d70 f   MSVCRT:pesect.obj
 0001:00006dc0       __IsNonwritableInCurrentImage 10007dc0 f   MSVCRT:pesect.obj
 0001:00006e7c       __initterm                 10007e7c f   MSVCRT:MSVCR100.dll
 0001:00006e82       __initterm_e               10007e82 f   MSVCRT:MSVCR100.dll
 0001:00006e88       __amsg_exit                10007e88 f   MSVCRT:MSVCR100.dll
 0001:00006e8e       ___CppXcptFilter           10007e8e f   MSVCRT:MSVCR100.dll
 0001:00006ea0       __SEH_prolog4              10007ea0 f   MSVCRT:sehprolg4.obj
 0001:00006ee5       __SEH_epilog4              10007ee5 f   MSVCRT:sehprolg4.obj
 0001:00006ef9       __except_handler4          10007ef9 f   MSVCRT:chandler4gs.obj
 0001:00006f1e       ___security_init_cookie    10007f1e f   MSVCRT:gs_support.obj
 0001:00006fb9       ?__ArrayUnwind@@YGXPAXIHP6EX0@Z@Z 10007fb9 f   MSVCRT:ehvecdtr.obj
 0001:00007017       ??_M@YGXPAXIHP6EX0@Z@Z     10008017 f   MSVCRT:ehvecdtr.obj
 0001:0000707a       ___report_gsfailure        1000807a f   MSVCRT:gs_report.obj
 0001:00007180       ___clean_type_info_names_internal 10008180 f   MSVCRT:MSVCR100.dll
 0001:00007186       __unlock                   10008186 f   MSVCRT:MSVCR100.dll
 0001:0000718c       ___dllonexit               1000818c f   MSVCRT:MSVCR100.dll
 0001:00007192       __lock                     10008192 f   MSVCRT:MSVCR100.dll
 0001:00007198       __except_handler4_common   10008198 f   MSVCRT:MSVCR100.dll
 0001:0000719e       ?terminate@@YAXXZ          1000819e f   MSVCRT:MSVCR100.dll
 0001:000071a4       ?_type_info_dtor_internal_method@type_info@@QAEXXZ 100081a4 f   MSVCRT:MSVCR100.dll
 0001:000071a4       ??1type_info@@UAE@XZ       100081a4 f   MSVCRT:MSVCR100.dll
 0001:000071aa       __crt_debugger_hook        100081aa f   MSVCRT:MSVCR100.dll
 0002:00000000       __imp__RegOpenKeyExA@20    10009000     advapi32:ADVAPI32.dll
 0002:00000004       __imp__RegQueryValueExA@24 10009004     advapi32:ADVAPI32.dll
 0002:00000008       __imp__RegCloseKey@4       10009008     advapi32:ADVAPI32.dll
 0002:0000000c       \177ADVAPI32_NULL_THUNK_DATA 1000900c     advapi32:ADVAPI32.dll
 0002:00000010       __imp__GetStockObject@4    10009010     gdi32:GDI32.dll
 0002:00000014       \177GDI32_NULL_THUNK_DATA  10009014     gdi32:GDI32.dll
 0002:00000018       __imp__Sleep@4             10009018     kernel32:KERNEL32.dll
 0002:0000001c       __imp__CreateThread@24     1000901c     kernel32:KERNEL32.dll
 0002:00000020       __imp__CloseHandle@4       10009020     kernel32:KERNEL32.dll
 0002:00000024       __imp__GetLastError@0      10009024     kernel32:KERNEL32.dll
 0002:00000028       __imp__ReleaseSemaphore@12 10009028     kernel32:KERNEL32.dll
 0002:0000002c       __imp__PostQueuedCompletionStatus@16 1000902c     kernel32:KERNEL32.dll
 0002:00000030       __imp__GetVersionExA@4     10009030     kernel32:KERNEL32.dll
 0002:00000034       __imp__GetSystemInfo@4     10009034     kernel32:KERNEL32.dll
 0002:00000038       __imp__CreateSemaphoreA@16 10009038     kernel32:KERNEL32.dll
 0002:0000003c       __imp__CreateIoCompletionPort@16 1000903c     kernel32:KERNEL32.dll
 0002:00000040       __imp__WaitForSingleObjectEx@12 10009040     kernel32:KERNEL32.dll
 0002:00000044       __imp__GetQueuedCompletionStatus@20 10009044     kernel32:KERNEL32.dll
 0002:00000048       __imp__TlsFree@4           10009048     kernel32:KERNEL32.dll
 0002:0000004c       __imp__TlsAlloc@0          1000904c     kernel32:KERNEL32.dll
 0002:00000050       __imp__FreeLibrary@4       10009050     kernel32:KERNEL32.dll
 0002:00000054       __imp__GetProcAddress@8    10009054     kernel32:KERNEL32.dll
 0002:00000058       __imp__ExpandEnvironmentStringsA@12 10009058     kernel32:KERNEL32.dll
 0002:0000005c       __imp__TlsSetValue@8       1000905c     kernel32:KERNEL32.dll
 0002:00000060       __imp__SetLastError@4      10009060     kernel32:KERNEL32.dll
 0002:00000064       __imp__ResetEvent@4        10009064     kernel32:KERNEL32.dll
 0002:00000068       __imp__LoadLibraryA@4      10009068     kernel32:KERNEL32.dll
 0002:0000006c       __imp__lstrcmpiA@8         1000906c     kernel32:KERNEL32.dll
 0002:00000070       __imp__lstrlenA@4          10009070     kernel32:KERNEL32.dll
 0002:00000074       __imp__GetModuleFileNameA@12 10009074     kernel32:KERNEL32.dll
 0002:00000078       __imp__IsBadReadPtr@8      10009078     kernel32:KERNEL32.dll
 0002:0000007c       __imp__WaitForSingleObject@8 1000907c     kernel32:KERNEL32.dll
 0002:00000080       __imp__GetModuleHandleA@4  10009080     kernel32:KERNEL32.dll
 0002:00000084       __imp__SetUnhandledExceptionFilter@4 10009084     kernel32:KERNEL32.dll
 0002:00000088       __imp__UnhandledExceptionFilter@4 10009088     kernel32:KERNEL32.dll
 0002:0000008c       __imp__GetCurrentProcess@0 1000908c     kernel32:KERNEL32.dll
 0002:00000090       __imp__TerminateProcess@8  10009090     kernel32:KERNEL32.dll
 0002:00000094       __imp__GetSystemTimeAsFileTime@4 10009094     kernel32:KERNEL32.dll
 0002:00000098       __imp__GetCurrentProcessId@0 10009098     kernel32:KERNEL32.dll
 0002:0000009c       __imp__FreeLibraryAndExitThread@8 1000909c     kernel32:KERNEL32.dll
 0002:000000a0       __imp__DeleteCriticalSection@4 100090a0     kernel32:KERNEL32.dll
 0002:000000a4       __imp__EnterCriticalSection@4 100090a4     kernel32:KERNEL32.dll
 0002:000000a8       __imp__LeaveCriticalSection@4 100090a8     kernel32:KERNEL32.dll
 0002:000000ac       __imp__GetCurrentThreadId@0 100090ac     kernel32:KERNEL32.dll
 0002:000000b0       __imp__GetTickCount@0      100090b0     kernel32:KERNEL32.dll
 0002:000000b4       __imp__QueryPerformanceCounter@4 100090b4     kernel32:KERNEL32.dll
 0002:000000b8       __imp__InterlockedCompareExchange@12 100090b8     kernel32:KERNEL32.dll
 0002:000000bc       __imp__InterlockedExchange@8 100090bc     kernel32:KERNEL32.dll
 0002:000000c0       __imp__IsDebuggerPresent@0 100090c0     kernel32:KERNEL32.dll
 0002:000000c4       __imp__DecodePointer@4     100090c4     kernel32:KERNEL32.dll
 0002:000000c8       __imp__EncodePointer@4     100090c8     kernel32:KERNEL32.dll
 0002:000000cc       __imp__TlsGetValue@4       100090cc     kernel32:KERNEL32.dll
 0002:000000d0       __imp__InitializeCriticalSection@4 100090d0     kernel32:KERNEL32.dll
 0002:000000d4       \177KERNEL32_NULL_THUNK_DATA 100090d4     kernel32:KERNEL32.dll
 0002:000000d8       __imp___unlock             100090d8     MSVCRT:MSVCR100.dll
 0002:000000dc       __imp_?_type_info_dtor_internal_method@type_info@@QAEXXZ 100090dc     MSVCRT:MSVCR100.dll
 0002:000000e0       __imp_?terminate@@YAXXZ    100090e0     MSVCRT:MSVCR100.dll
 0002:000000e4       __imp___except_handler4_common 100090e4     MSVCRT:MSVCR100.dll
 0002:000000e8       __imp_??2@YAPAXI@Z         100090e8     MSVCRT:MSVCR100.dll
 0002:000000ec       __imp_??3@YAXPAX@Z         100090ec     MSVCRT:MSVCR100.dll
 0002:000000f0       __imp__memset              100090f0     MSVCRT:MSVCR100.dll
 0002:000000f4       __imp___wassert            100090f4     MSVCRT:MSVCR100.dll
 0002:000000f8       __imp__memcpy              100090f8     MSVCRT:MSVCR100.dll
 0002:000000fc       __imp__memcmp              100090fc     MSVCRT:MSVCR100.dll
 0002:00000100       __imp__strcpy              10009100     MSVCRT:MSVCR100.dll
 0002:00000104       __imp__strlen              10009104     MSVCRT:MSVCR100.dll
 0002:00000108       __imp__wcstombs            10009108     MSVCRT:MSVCR100.dll
 0002:0000010c       __imp___malloc_crt         1000910c     MSVCRT:MSVCR100.dll
 0002:00000110       __imp__free                10009110     MSVCRT:MSVCR100.dll
 0002:00000114       __imp___encoded_null       10009114     MSVCRT:MSVCR100.dll
 0002:00000118       __imp___initterm           10009118     MSVCRT:MSVCR100.dll
 0002:0000011c       __imp___initterm_e         1000911c     MSVCRT:MSVCR100.dll
 0002:00000120       __imp___amsg_exit          10009120     MSVCRT:MSVCR100.dll
 0002:00000124       __imp____CppXcptFilter     10009124     MSVCRT:MSVCR100.dll
 0002:00000128       __imp____clean_type_info_names_internal 10009128     MSVCRT:MSVCR100.dll
 0002:0000012c       __imp___onexit             1000912c     MSVCRT:MSVCR100.dll
 0002:00000130       __imp____dllonexit         10009130     MSVCRT:MSVCR100.dll
 0002:00000134       __imp___lock               10009134     MSVCRT:MSVCR100.dll
 0002:00000138       __imp___crt_debugger_hook  10009138     MSVCRT:MSVCR100.dll
 0002:0000013c       \177MSVCR100_NULL_THUNK_DATA 1000913c     MSVCRT:MSVCR100.dll
 0002:00000140       __imp__LoadCursorA@8       10009140     user32:USER32.dll
 0002:00000144       __imp__PostThreadMessageA@16 10009144     user32:USER32.dll
 0002:00000148       __imp__RegisterClassA@4    10009148     user32:USER32.dll
 0002:0000014c       __imp__LoadIconA@8         1000914c     user32:USER32.dll
 0002:00000150       __imp__CreateWindowExA@48  10009150     user32:USER32.dll
 0002:00000154       __imp__SetWindowLongA@12   10009154     user32:USER32.dll
 0002:00000158       __imp__GetWindowLongA@8    10009158     user32:USER32.dll
 0002:0000015c       __imp__DefWindowProcA@16   1000915c     user32:USER32.dll
 0002:00000160       __imp__GetMessageA@16      10009160     user32:USER32.dll
 0002:00000164       __imp__TranslateMessage@4  10009164     user32:USER32.dll
 0002:00000168       __imp__DispatchMessageA@4  10009168     user32:USER32.dll
 0002:0000016c       __imp__DestroyWindow@4     1000916c     user32:USER32.dll
 0002:00000170       \177USER32_NULL_THUNK_DATA 10009170     user32:USER32.dll
 0002:00000174       __imp__htons@4             10009174     ws2_32:WS2_32.dll
 0002:00000178       __imp__closesocket@4       10009178     ws2_32:WS2_32.dll
 0002:0000017c       __imp__WSAGetLastError@0   1000917c     ws2_32:WS2_32.dll
 0002:00000180       __imp__WSCEnumProtocols@16 10009180     ws2_32:WS2_32.dll
 0002:00000184       __imp__inet_addr@4         10009184     ws2_32:WS2_32.dll
 0002:00000188       \177WS2_32_NULL_THUNK_DATA 10009188     ws2_32:WS2_32.dll
 0002:0000018c       ___xc_a                    1000918c     MSVCRT:cinitexe.obj
 0002:00000190       ___xc_z                    10009190     MSVCRT:cinitexe.obj
 0002:00000194       ___xi_a                    10009194     MSVCRT:cinitexe.obj
 0002:0000019c       ___xi_z                    1000919c     MSVCRT:cinitexe.obj
 0002:000001a4       ??_7DBUFFERMANAGER@@6B@    100091a4     dbuffmgr.obj
 0002:000006b4       ??_C@_1DC@PAPLEBB@?$AAm?$AA_?$AAp?$AAr?$AAo?$AAc?$AAt?$AAa?$AAb?$AAl?$AAe?$AA?9?$AA?$DO?$AAl?$AAp?$AAW?$AAS?$AAP?$AAS?$AAo?$AAc?$AAk?$AAe?$AAt?$AA?$AA@ 100096b4     spi.obj
 0002:000006e8       ??_C@_1NA@HLBDJEJA@?$AAe?$AA?3?$AA?2?$AAp?$AAr?$AAo?$AAy?$AAe?$AAc?$AAt?$AAo?$AA?5?$AAk?$AAe?$AAr?$AAb?$AAe?$AAr?$AAu?$AAs?$AA?2?$AAc?$AAl?$AAi?$AAe?$AAn?$AAt?$AAe?$AA?2?$AAb?$AAr?$AAa@ 100096e8     spi.obj
 0002:000007e8       __pRawDllMain              100097e8     MSVCRT:crtdll.obj
 0002:000007e8       __pDefaultRawDllMain       100097e8     MSVCRT:crtdll.obj
 0002:000007f0       ??_7type_info@@6B@         100097f0     MSVCRT:ti_inst.obj
 0002:00000800       __load_config_used         10009800     MSVCRT:loadcfg.obj
 0002:00000848       ??_R4DBUFFERMANAGER@@6B@   10009848     dbuffmgr.obj
 0002:0000085c       ??_R3DBUFFERMANAGER@@8     1000985c     dbuffmgr.obj
 0002:0000086c       ??_R2DBUFFERMANAGER@@8     1000986c     dbuffmgr.obj
 0002:00000874       ??_R1A@?0A@EA@DBUFFERMANAGER@@8 10009874     dbuffmgr.obj
 0002:00000890       ??_R4type_info@@6B@        10009890     MSVCRT:ti_inst.obj
 0002:000008a4       ??_R3type_info@@8          100098a4     MSVCRT:ti_inst.obj
 0002:000008b4       ??_R2type_info@@8          100098b4     MSVCRT:ti_inst.obj
 0002:000008bc       ??_R1A@?0A@EA@type_info@@8 100098bc     MSVCRT:ti_inst.obj
 0002:000008e0       ___safe_se_handler_table   100098e0     <linker-defined>
 0002:000008e4       ___rtc_iaa                 100098e4     MSVCRT:_initsect_.obj
 0002:000008e8       ___rtc_izz                 100098e8     MSVCRT:_initsect_.obj
 0002:000008ec       ___rtc_taa                 100098ec     MSVCRT:_initsect_.obj
 0002:000008f0       ___rtc_tzz                 100098f0     MSVCRT:_initsect_.obj
 0002:0000099c       __IMPORT_DESCRIPTOR_KERNEL32 1000999c     kernel32:KERNEL32.dll
 0002:000009b0       __IMPORT_DESCRIPTOR_WS2_32 100099b0     ws2_32:WS2_32.dll
 0002:000009c4       __IMPORT_DESCRIPTOR_ADVAPI32 100099c4     advapi32:ADVAPI32.dll
 0002:000009d8       __IMPORT_DESCRIPTOR_USER32 100099d8     user32:USER32.dll
 0002:000009ec       __IMPORT_DESCRIPTOR_GDI32  100099ec     gdi32:GDI32.dll
 0002:00000a00       __IMPORT_DESCRIPTOR_MSVCR100 10009a00     MSVCRT:MSVCR100.dll
 0002:00000a14       __NULL_IMPORT_DESCRIPTOR   10009a14     kernel32:KERNEL32.dll
 0003:00000000       ??_R0?AVDBUFFERMANAGER@@@8 1000b000     dbuffmgr.obj
 0003:00000020       ?LayeredProviderGuid@@3U_GUID@@A 1000b020     dcatalog.obj
 0003:00000030       ?TlsIndex@@3KA             1000b030     dllmain.obj
 0003:00000034       ?TransmitFileGuid@@3U_GUID@@A 1000b034     dprovide.obj
 0003:00000044       ?AcceptExGuid@@3U_GUID@@A  1000b044     dprovide.obj
 0003:00000054       ?GetAcceptExSockAddrsGuild@@3U_GUID@@A 1000b054     dprovide.obj
 0003:00000068       ?gWorkerThread@@3PAVDWORKERTHREAD@@A 1000b068     spi.obj
 0003:0000006c       ?gAsyncWindow@@3PAVDASYNCWINDOW@@A 1000b06c     spi.obj
 0003:00000070       ?gLibraryName@@3PADA       1000b070     spi.obj
 0003:00000178       ??_R0?AVtype_info@@@8      1000b178     MSVCRT:ti_inst.obj
 0003:00000190       ___security_cookie         1000b190     MSVCRT:gs_cookie.obj
 0003:00000194       ___security_cookie_complement 1000b194     MSVCRT:gs_cookie.obj
 0003:00000198       ___native_dllmain_reason   1000b198     MSVCRT:natstart.obj
 0003:0000019c       ___native_vcclrit_reason   1000b19c     MSVCRT:natstart.obj
 0003:000001a0       ?gOverlappedManager@@3PAVDOVERLAPPEDSTRUCTMGR@@A 1000b1a0     dworker.obj
 0003:000001b8       ?HDllInstance@@3PAUHINSTANCE__@@A 1000b1b8     dllmain.obj
 0003:000001bc       ?m_socket_list@DSOCKET@@0U_LIST_ENTRY@@A 1000b1bc     dsocket.obj
 0003:000001c4       ?m_socket_list_lock@DSOCKET@@0U_RTL_CRITICAL_SECTION@@A 1000b1c4     dsocket.obj
 0003:000001dc       ?gBufferManager@@3PAVDBUFFERMANAGER@@A 1000b1dc     spi.obj
 0003:000001e0       ?gInitCriticalSection@@3U_RTL_CRITICAL_SECTION@@A 1000b1e0     spi.obj
 0003:000001f8       ?lpWPUCompleteOverlappedRequest@@3P6GHIPAU_OVERLAPPED@@KKPAH@ZA 1000b1f8     spi.obj
 0003:000001fc       ?gProviderCatalog@@3PAVDCATALOG@@A 1000b1fc     spi.obj
 0003:00000200       ?gUpCallTable@@3U_WSPUPCALLTABLE@@A 1000b200     spi.obj
 0003:0000023c       ?gStartupCount@@3KA        1000b23c     spi.obj
 0003:00000250       ?__type_info_root_node@@3U__type_info_node@@A 1000b250     MSVCRT:tncleanup.obj
 0003:0000057c       ___native_startup_state    1000b57c     <common>
 0003:00000580       ___native_startup_lock     1000b580     <common>
 0003:00000584       ___onexitend               1000b584     <common>
 0003:00000588       ___onexitbegin             1000b588     <common>
 0003:0000058c       ___dyn_tls_init_callback   1000b58c     <common>

 entry point at        0001:00006b6a

 Static symbols

 0001:000067fc       _pre_c_init                100077fc f   MSVCRT:crtdll.obj
 0001:00006a54       ___DllMainCRTStartup       10007a54 f   MSVCRT:crtdll.obj
