 klsp

 Timestamp is 52795ebf (Tue Nov 05 18:10:23 2013)

 Preferred load address is 10000000

 Start         Length     Name                   Class
 0001:00000000 00007930H .text                   CODE
 0002:00000000 0000018cH .idata$5                DATA
 0002:0000018c 00000004H .CRT$XCA                DATA
 0002:00000190 00000004H .CRT$XCZ                DATA
 0002:00000194 00000004H .CRT$XIA                DATA
 0002:00000198 00000004H .CRT$XIAA               DATA
 0002:0000019c 00000004H .CRT$XIZ                DATA
 0002:000001a0 000007c8H .rdata                  DATA
 0002:00000968 00000090H .rdata$r                DATA
 0002:00000a00 00000004H .rdata$sxdata           DATA
 0002:00000a04 00000004H .rtc$IAA                DATA
 0002:00000a08 00000004H .rtc$IZZ                DATA
 0002:00000a0c 00000004H .rtc$TAA                DATA
 0002:00000a10 00000004H .rtc$TZZ                DATA
 0002:00000a18 000000a4H .xdata$x                DATA
 0002:00000abc 00000078H .idata$2                DATA
 0002:00000b34 00000014H .idata$3                DATA
 0002:00000b48 0000018cH .idata$4                DATA
 0002:00000cd4 000006aeH .idata$6                DATA
 0002:00001390 00000046H .edata                  DATA
 0003:00000000 000001b0H .data                   DATA
 0003:000001b0 000003f0H .bss                    DATA

  Address         Publics by Value              Rva+Base       Lib:Object

 0000:00000001       ___safe_se_handler_count   00000001     <absolute>
 0000:00000000       ___ImageBase               10000000     <linker-defined>
 0001:00000000       ??0DBUFFERMANAGER@@QAE@XZ  10001000 f   dbuffmgr.obj
 0001:00000020       ?Initialize@DBUFFERMANAGER@@QAEHXZ 10001020 f   dbuffmgr.obj
 0001:00000030       ??1DBUFFERMANAGER@@QAE@XZ  10001030 f   dbuffmgr.obj
 0001:00000050       ?AllocBuffer@DBUFFERMANAGER@@QAEHPAU_WSABUF@@KPAPAU2@PAK@Z 10001050 f   dbuffmgr.obj
 0001:00000070       ?FreeBuffer@DBUFFERMANAGER@@QAEXPAU_WSABUF@@K@Z 10001070 f   dbuffmgr.obj
 0001:00000080       ?CopyBuffer@DBUFFERMANAGER@@UAEHPAU_WSABUF@@KKK0KK@Z 10001080 f   dbuffmgr.obj
 0001:00000090       ??0DOVERLAPPEDSTRUCTMGR@@QAE@XZ 10001090 f   doverlap.obj
 0001:000000c0       ?Initialize@DOVERLAPPEDSTRUCTMGR@@QAEHXZ 100010c0 f   doverlap.obj
 0001:00000170       ??1DOVERLAPPEDSTRUCTMGR@@QAE@XZ 10001170 f   doverlap.obj
 0001:000001d0       ?AllocateOverlappedStruct@DOVERLAPPEDSTRUCTMGR@@QAEPAU_INTERNALOVERLAPPEDSTRUCT@@XZ 100011d0 f   doverlap.obj
 0001:00000200       ?FreeOverlappedStruct@DOVERLAPPEDSTRUCTMGR@@QAEXPAU_OVERLAPPED@@@Z 10001200 f   doverlap.obj
 0001:00000220       ?PopOverlappedStruct@DOVERLAPPEDSTRUCTMGR@@AAEPAU_INTERNALOVERLAPPEDSTRUCT@@XZ 10001220 f   doverlap.obj
 0001:00000290       ?PushOverlappedStruct@DOVERLAPPEDSTRUCTMGR@@AAEXPAU_OVERLAPPED@@@Z 10001290 f   doverlap.obj
 0001:00000300       ?GetInternalOverlappedStructure@DOVERLAPPEDSTRUCTMGR@@QAEPAU_INTERNALOVERLAPPEDSTRUCT@@PAU_OVERLAPPED@@@Z 10001300 f   doverlap.obj
 0001:00000330       ?AsyncThreadProc@@YAKK@Z   10001330 f   dasyncw.obj
 0001:000003a0       ?AsyncWndProc@@YGJPAUHWND__@@IIJ@Z 100013a0 f   dasyncw.obj
 0001:00000430       ??0DASYNCWINDOW@@QAE@XZ    10001430 f   dasyncw.obj
 0001:00000460       ??1DASYNCWINDOW@@QAE@XZ    10001460 f   dasyncw.obj
 0001:00000470       ?Initialize@DASYNCWINDOW@@QAEHXZ 10001470 f   dasyncw.obj
 0001:000004e0       ?Destroy@DASYNCWINDOW@@QAEXXZ 100014e0 f   dasyncw.obj
 0001:00000520       ?CreateAsyncWindow@DASYNCWINDOW@@QAEKXZ 10001520 f   dasyncw.obj
 0001:00000610       ?ProcessAsyncMessage@DASYNCWINDOW@@QAEHIIJ@Z 10001610 f   dasyncw.obj
 0001:000006e0       ?RegisterSocket@DASYNCWINDOW@@QAEHPAVDSOCKET@@@Z 100016e0 f   dasyncw.obj
 0001:00000740       ??_GDASYNCWINDOW@@QAEPAXI@Z 10001740 f i dasyncw.obj
 0001:00000770       ?WSPAsyncSelect@DPROVIDER@@QAEHIPAUHWND__@@IJPAH@Z 10001770 f i dasyncw.obj
 0001:000007b0       ?GetDProvider@DSOCKET@@QAEPAVDPROVIDER@@XZ 100017b0 f i dasyncw.obj
 0001:000007c0       ?GetProviderSocket@DSOCKET@@QAEIXZ 100017c0 f i dasyncw.obj
 0001:000007e0       ?GetAsyncEventMask@DSOCKET@@QAEJXZ 100017e0 f i dasyncw.obj
 0001:00000800       ?APCProc@@YGXK@Z           10001800 f   dworker.obj
 0001:00000850       ?OverlappedCompletionProc@@YGXKKPAU_OVERLAPPED@@K@Z 10001850 f   dworker.obj
 0001:00000af0       ?InitiateOverlappedOperation@@YAXPAU_INTERNALOVERLAPPEDSTRUCT@@P6GXKKPAU_OVERLAPPED@@K@ZPAU_WSATHREADID@@@Z 10001af0 f   dworker.obj
 0001:00000ec0       ?WorkerThreadProc@@YAKK@Z  10001ec0 f   dworker.obj
 0001:00000f30       ??0DWORKERTHREAD@@QAE@XZ   10001f30 f   dworker.obj
 0001:00000f90       ?Destroy@DWORKERTHREAD@@QAEXXZ 10001f90 f   dworker.obj
 0001:00000ff0       ??1DWORKERTHREAD@@QAE@XZ   10001ff0 f   dworker.obj
 0001:000011c0       ?Initialize@DWORKERTHREAD@@QAEHXZ 100021c0 f   dworker.obj
 0001:000013a0       ?WorkerThreadProc@DWORKERTHREAD@@QAEKXZ 100023a0 f   dworker.obj
 0001:00001490       ?QueueOverlappedRecv@DWORKERTHREAD@@QAEHPAVDSOCKET@@PAU_WSABUF@@KPAK2PAU_OVERLAPPED@@P6GXKK3K@ZPAU_WSATHREADID@@1KPAH@Z 10002490 f   dworker.obj
 0001:00001690       ?QueueOverlappedRecvFrom@DWORKERTHREAD@@QAEHPAVDSOCKET@@PAU_WSABUF@@KPAK2PAUsockaddr@@PAHPAU_OVERLAPPED@@P6GXKK5K@ZPAU_WSATHREADID@@1K4@Z 10002690 f   dworker.obj
 0001:000018a0       ?QueueOverlappedSend@DWORKERTHREAD@@QAEHPAVDSOCKET@@PAU_WSABUF@@KPAKKPAU_OVERLAPPED@@P6GXKK3K@ZPAU_WSATHREADID@@PAH@Z 100028a0 f   dworker.obj
 0001:000019f0       ?QueueOverlappedSendTo@DWORKERTHREAD@@QAEHPAVDSOCKET@@PAU_WSABUF@@KPAKKPBUsockaddr@@HPAU_OVERLAPPED@@P6GXKK4K@ZPAU_WSATHREADID@@PAH@Z 100029f0 f   dworker.obj
 0001:00001b50       ?QueueOverlappedIoctl@DWORKERTHREAD@@QAEHPAVDSOCKET@@KPAXK1KPAKPAU_OVERLAPPED@@P6GXKK3K@ZPAU_WSATHREADID@@PAH@Z 10002b50 f   dworker.obj
 0001:00001c30       ?QueueOverlappedAcceptEx@DWORKERTHREAD@@QAEHPAVDSOCKET@@0PAXKKKPAU_OVERLAPPED@@PAH@Z 10002c30 f   dworker.obj
 0001:00001d10       ?QueueOverlappedTransmitFile@DWORKERTHREAD@@QAEHPAVDSOCKET@@PAXKKPAU_OVERLAPPED@@PAU_TRANSMIT_FILE_BUFFERS@@KPAH@Z 10002d10 f   dworker.obj
 0001:00001e20       ?AddOverlappedOperation@DWORKERTHREAD@@AAEXPAVDSOCKET@@PAU_INTERNALOVERLAPPEDSTRUCT@@@Z 10002e20 f   dworker.obj
 0001:00001f00       ?NextOverlappedOperation@DWORKERTHREAD@@AAEPAU_INTERNALOVERLAPPEDSTRUCT@@XZ 10002f00 f   dworker.obj
 0001:00001f80       ?WSPGetOverlappedResult@DPROVIDER@@QAEHIPAU_OVERLAPPED@@PAKH1PAH@Z 10002f80 f i dworker.obj
 0001:00001fc0       ?WSPIoctl@DPROVIDER@@QAEHIKPAXK0KPAKPAU_OVERLAPPED@@P6GXKK2K@ZPAU_WSATHREADID@@PAH@Z 10002fc0 f i dworker.obj
 0001:00002020       ?WSPRecv@DPROVIDER@@QAEHIPAU_WSABUF@@KPAK1PAU_OVERLAPPED@@P6GXKK2K@ZPAU_WSATHREADID@@PAH@Z 10003020 f i dworker.obj
 0001:00002070       ?WSPRecvFrom@DPROVIDER@@QAEHIPAU_WSABUF@@KPAK1PAUsockaddr@@PAHPAU_OVERLAPPED@@P6GXKK4K@ZPAU_WSATHREADID@@3@Z 10003070 f i dworker.obj
 0001:000020d0       ?WSPSend@DPROVIDER@@QAEHIPAU_WSABUF@@KPAKKPAU_OVERLAPPED@@P6GXKK2K@ZPAU_WSATHREADID@@PAH@Z 100030d0 f i dworker.obj
 0001:00002120       ?WSPSendTo@DPROVIDER@@QAEHIPAU_WSABUF@@KPAKKPBUsockaddr@@HPAU_OVERLAPPED@@P6GXKK3K@ZPAU_WSATHREADID@@PAH@Z 10003120 f i dworker.obj
 0001:00002180       ?TransmitFile@DPROVIDER@@QAEHIPAXKKPAU_OVERLAPPED@@PAU_TRANSMIT_FILE_BUFFERS@@KPAH@Z 10003180 f i dworker.obj
 0001:00002220       ?AcceptEx@DPROVIDER@@QAEHIIPAXKKKPAKPAU_OVERLAPPED@@PAH@Z 10003220 f i dworker.obj
 0001:000022c0       ??_GDWORKERTHREAD@@QAEPAXI@Z 100032c0 f i dworker.obj
 0001:000022f0       ??_GDOVERLAPPEDSTRUCTMGR@@QAEPAXI@Z 100032f0 f i dworker.obj
 0001:00002320       ?GetSocketHandle@DSOCKET@@QAEIXZ 10003320 f i dworker.obj
 0001:00002340       ?GetCompletionContext@DSOCKET@@QAEKXZ 10003340 f i dworker.obj
 0001:00002360       ?SetCompletionContext@DSOCKET@@QAEXK@Z 10003360 f i dworker.obj
 0001:00002380       ??0DCATALOG@@QAE@XZ        10003380 f   dcatalog.obj
 0001:000023c0       ?Initialize@DCATALOG@@QAEHXZ 100033c0 f   dcatalog.obj
 0001:00002530       ??1DCATALOG@@QAE@XZ        10003530 f   dcatalog.obj
 0001:00002610       ?EnumerateCatalogItems@DCATALOG@@QAEXP6AHKPAVPROTO_CATALOG_ITEM@@@ZK@Z 10003610 f   dcatalog.obj
 0001:00002690       ?FindNextProviderInChain@DCATALOG@@QAEHPAU_WSAPROTOCOL_INFOW@@PAPAVDPROVIDER@@PAPAVPROTO_CATALOG_ITEM@@@Z 10003690 f   dcatalog.obj
 0001:00002890       ?GetCatalogItemFromCatalogEntryId@DCATALOG@@QAEHKPAPAVPROTO_CATALOG_ITEM@@@Z 10003890 f   dcatalog.obj
 0001:00002930       ?LoadProvider@DCATALOG@@AAEHPAVPROTO_CATALOG_ITEM@@PAU_WSAPROTOCOL_INFOW@@PAPAVDPROVIDER@@@Z 10003930 f   dcatalog.obj
 0001:00002a20       ?AppendCatalogItem@DCATALOG@@QAEXPAVPROTO_CATALOG_ITEM@@@Z 10003a20 f   dcatalog.obj
 0001:00002a90       ?RemoveCatalogItem@DCATALOG@@QAEXPAVPROTO_CATALOG_ITEM@@@Z 10003a90 f   dcatalog.obj
 0001:00002b10       ?AcquireCatalogLock@DCATALOG@@QAEXXZ 10003b10 f i dcatalog.obj
 0001:00002b30       ?ReleaseCatalogLock@DCATALOG@@QAEXXZ 10003b30 f i dcatalog.obj
 0001:00002b50       ??_GDPROVIDER@@QAEPAXI@Z   10003b50 f i dcatalog.obj
 0001:00002b80       ??_GPROTO_CATALOG_ITEM@@QAEPAXI@Z 10003b80 f i dcatalog.obj
 0001:00002bb0       ??0PROTO_CATALOG_ITEM@@QAE@XZ 10003bb0 f   dcatitem.obj
 0001:00002bf0       ?Initialize@PROTO_CATALOG_ITEM@@QAEHPAU_WSAPROTOCOL_INFOW@@@Z 10003bf0 f   dcatitem.obj
 0001:00002c60       ??1PROTO_CATALOG_ITEM@@QAE@XZ 10003c60 f   dcatitem.obj
 0001:00002c80       ?GetProtocolInfo@PROTO_CATALOG_ITEM@@QAEPAU_WSAPROTOCOL_INFOW@@XZ 10003c80 f   dcatitem.obj
 0001:00002cc0       ?GetLibraryPath@PROTO_CATALOG_ITEM@@QAEPA_WXZ 10003cc0 f   dcatitem.obj
 0001:00002d00       ?SetProviderCatalogEntry@PROTO_CATALOG_ITEM@@QAEXPAV1@@Z 10003d00 f   dcatitem.obj
 0001:00002d20       ?SetProvider@PROTO_CATALOG_ITEM@@QAEXPAVDPROVIDER@@@Z 10003d20 f   dcatitem.obj
 0001:00002d40       ?GetProvider@PROTO_CATALOG_ITEM@@QAEPAVDPROVIDER@@XZ 10003d40 f   dcatitem.obj
 0001:00002d60       ?GetProviderCatalogEntry@PROTO_CATALOG_ITEM@@QAEPAV1@XZ 10003d60 f   dcatitem.obj
 0001:00002d80       _DllMain@12                10003d80 f   dllmain.obj
 0001:00002e10       ??0DPROVIDER@@QAE@XZ       10003e10 f   dprovide.obj
 0001:00002e50       ??1DPROVIDER@@QAE@XZ       10003e50 f   dprovide.obj
 0001:00002ec0       ?Initialize@DPROVIDER@@QAEHPA_WPAU_WSAPROTOCOL_INFOW@@@Z 10003ec0 f   dprovide.obj
 0001:000032d0       ?InterceptExtensions@DPROVIDER@@QAEHPAX0PAH@Z 100042d0 f   dprovide.obj
 0001:00003370       ?WSPCleanup@DPROVIDER@@QAEHPAH@Z 10004370 f i dprovide.obj
 0001:000033a0       ?DSocketClassInitialize@DSOCKET@@SAHXZ 100043a0 f   dsocket.obj
 0001:000033d0       ?DSocketClassCleanup@DSOCKET@@SAHXZ 100043d0 f   dsocket.obj
 0001:00003480       ?FindDSocketFromProviderSocket@DSOCKET@@SAPAV1@I@Z 10004480 f   dsocket.obj
 0001:000034f0       ??0DSOCKET@@QAE@XZ         100044f0 f   dsocket.obj
 0001:00003560       ?Initialize@DSOCKET@@QAEHPAVDPROVIDER@@IKI@Z 10004560 f   dsocket.obj
 0001:000035f0       ?Remove@DSOCKET@@QAEXXZ    100045f0 f   dsocket.obj
 0001:00003640       ??1DSOCKET@@QAE@XZ         10004640 f   dsocket.obj
 0001:00003650       ?RegisterAsyncOperation@DSOCKET@@QAEXPAUHWND__@@IJ@Z 10004650 f   dsocket.obj
 0001:00003680       ?SignalAsyncEvents@DSOCKET@@QAEXJ@Z 10004680 f   dsocket.obj
 0001:000036b0       ?WSPCloseSocket@DPROVIDER@@QAEHIPAH@Z 100046b0 f i dsocket.obj
 0001:000036f0       ??_GDSOCKET@@QAEPAXI@Z     100046f0 f i dsocket.obj
 0001:00003730       ?GetAsyncWindow@@YAPAVDASYNCWINDOW@@XZ 10004730 f   spi.obj
 0001:000037f0       ?existeClaveRegistro@@YAHPAD0@Z 100047f0 f   spi.obj
 0001:00003890       ?EsIpPublica@@YA_NHHHH@Z   10004890 f   spi.obj
 0001:000038e0       ?GetWorkerThread@@YAPAVDWORKERTHREAD@@XZ 100048e0 f   spi.obj
 0001:000039a0       ?WSPAccept@@YGIIPAUsockaddr@@PAHP6GHPAU_WSABUF@@2PAU_QualityOfService@@322PAIK@ZK1@Z 100049a0 f   spi.obj
 0001:00003b50       ?WSPAcceptEx@@YGHIIPAXKKKPAKPAU_OVERLAPPED@@@Z 10004b50 f   spi.obj
 0001:00003cf0       ?WSPAddressToString@@YGHPAUsockaddr@@KPAU_WSAPROTOCOL_INFOW@@PA_WPAKPAH@Z 10004cf0 f   spi.obj
 0001:00003d70       ?WSPAsyncSelect@@YGHIPAUHWND__@@IJPAH@Z 10004d70 f   spi.obj
 0001:00003e10       ?WSPBind@@YGHIPBUsockaddr@@HPAH@Z 10004e10 f   spi.obj
 0001:00003e80       ?WSPCancelBlockingCall@@YGHPAH@Z 10004e80 f   spi.obj
 0001:00003ed0       ?WSPCleanup@@YGHPAH@Z      10004ed0 f   spi.obj
 0001:00004020       ?WSPCloseSocket@@YGHIPAH@Z 10005020 f   spi.obj
 0001:000040d0       ?WSPConnect@@YGHIPBUsockaddr@@HPAU_WSABUF@@1PAU_QualityOfService@@2PAH@Z 100050d0 f   spi.obj
 0001:00004ca0       ?WSPDuplicateSocket@@YGHIKPAU_WSAPROTOCOL_INFOW@@PAH@Z 10005ca0 f   spi.obj
 0001:00004d60       ?WSPEnumNetworkEvents@@YGHIPAXPAU_WSANETWORKEVENTS@@PAH@Z 10005d60 f   spi.obj
 0001:00004dd0       ?WSPEventSelect@@YGHIPAXJPAH@Z 10005dd0 f   spi.obj
 0001:00004e40       ?WSPGetOverlappedResult@@YGHIPAU_OVERLAPPED@@PAKH1PAH@Z 10005e40 f   spi.obj
 0001:00004f20       ?WSPGetPeerName@@YGHIPAUsockaddr@@PAH1@Z 10005f20 f   spi.obj
 0001:00004f90       ?WSPGetQOSByName@@YGHIPAU_WSABUF@@PAU_QualityOfService@@PAH@Z 10005f90 f   spi.obj
 0001:00005000       ?WSPGetSockName@@YGHIPAUsockaddr@@PAH1@Z 10006000 f   spi.obj
 0001:00005070       ?WSPGetSockOpt@@YGHIHHPADPAH1@Z 10006070 f   spi.obj
 0001:000050e0       ?WSPIoctl@@YGHIKPAXK0KPAKPAU_OVERLAPPED@@P6GXKK2K@ZPAU_WSATHREADID@@PAH@Z 100060e0 f   spi.obj
 0001:00005240       ?WSPJoinLeaf@@YGIIPBUsockaddr@@HPAU_WSABUF@@1PAU_QualityOfService@@2KPAH@Z 10006240 f   spi.obj
 0001:000053b0       ?WSPListen@@YGHIHPAH@Z     100063b0 f   spi.obj
 0001:00005410       ?WSPRecv@@YGHIPAU_WSABUF@@KPAK1PAU_OVERLAPPED@@P6GXKK2K@ZPAU_WSATHREADID@@PAH@Z 10006410 f   spi.obj
 0001:000055f0       ?WSPRecvDisconnect@@YGHIPAU_WSABUF@@PAH@Z 100065f0 f   spi.obj
 0001:00005650       ?WSPRecvFrom@@YGHIPAU_WSABUF@@KPAK1PAUsockaddr@@PAHPAU_OVERLAPPED@@P6GXKK4K@ZPAU_WSATHREADID@@3@Z 10006650 f   spi.obj
 0001:00005840       ?TransferUserFdSetToProviderFdSet@@YAHPAUfd_set@@0PAUSOCKETMAP@@PAH@Z 10006840 f   spi.obj
 0001:000059b0       ?TransferProviderFdSetToUserFdSet@@YAHPAUfd_set@@0PAUSOCKETMAP@@PAH@Z 100069b0 f   spi.obj
 0001:00005a70       ?WSPSelect@@YGHHPAUfd_set@@00PBUtimeval@@PAH@Z 10006a70 f   spi.obj
 0001:00005ce0       ?WSPSend@@YGHIPAU_WSABUF@@KPAKKPAU_OVERLAPPED@@P6GXKK2K@ZPAU_WSATHREADID@@PAH@Z 10006ce0 f   spi.obj
 0001:00005ec0       ?WSPSendDisconnect@@YGHIPAU_WSABUF@@PAH@Z 10006ec0 f   spi.obj
 0001:00005f20       ?WSPSendTo@@YGHIPAU_WSABUF@@KPAKKPBUsockaddr@@HPAU_OVERLAPPED@@P6GXKK3K@ZPAU_WSATHREADID@@PAH@Z 10006f20 f   spi.obj
 0001:00006110       ?WSPSetSockOpt@@YGHIHHPBDHPAH@Z 10007110 f   spi.obj
 0001:00006200       ?WSPShutdown@@YGHIHPAH@Z   10007200 f   spi.obj
 0001:00006260       ?WSPSocket@@YGIHHHPAU_WSAPROTOCOL_INFOW@@IKPAH@Z 10007260 f   spi.obj
 0001:00006430       ?WSPStringToAddress@@YGHPA_WHPAU_WSAPROTOCOL_INFOW@@PAUsockaddr@@PAH3@Z 10007430 f   spi.obj
 0001:000064b0       _WSPStartup@76             100074b0 f   spi.obj
 0001:00006750       ?WSPTransmitFile@@YGHIPAXKKPAU_OVERLAPPED@@PAU_TRANSMIT_FILE_BUFFERS@@K@Z 10007750 f   spi.obj
 0001:00006870       ?WSPAccept@DPROVIDER@@QAEIIPAUsockaddr@@PAHP6GHPAU_WSABUF@@2PAU_QualityOfService@@322PAIK@ZK1@Z 10007870 f i spi.obj
 0001:000068b0       ?GetCatalogEntryId@DSOCKET@@QAEKXZ 100078b0 f i spi.obj
 0001:000068d0       ?GetLocalProvider@DCATALOG@@QAEPAVPROTO_CATALOG_ITEM@@XZ 100078d0 f i spi.obj
 0001:000068f0       ?WSPAddressToString@DPROVIDER@@QAEHPAUsockaddr@@KPAU_WSAPROTOCOL_INFOW@@PA_WPAKPAH@Z 100078f0 f i spi.obj
 0001:00006930       ?WSPBind@DPROVIDER@@QAEHIPBUsockaddr@@HPAH@Z 10007930 f i spi.obj
 0001:00006970       ?WSPCancelBlockingCall@DPROVIDER@@QAEHPAH@Z 10007970 f i spi.obj
 0001:000069a0       ??_GDCATALOG@@QAEPAXI@Z    100079a0 f i spi.obj
 0001:000069d0       ??_GDBUFFERMANAGER@@QAEPAXI@Z 100079d0 f i spi.obj
 0001:00006a00       ?WSPConnect@DPROVIDER@@QAEHIPBUsockaddr@@HPAU_WSABUF@@1PAU_QualityOfService@@2PAH@Z 10007a00 f i spi.obj
 0001:00006a50       ?WSPDuplicateSocket@DPROVIDER@@QAEHIKPAU_WSAPROTOCOL_INFOW@@PAH@Z 10007a50 f i spi.obj
 0001:00006a90       ?WSPEnumNetworkEvents@DPROVIDER@@QAEHIPAXPAU_WSANETWORKEVENTS@@PAH@Z 10007a90 f i spi.obj
 0001:00006ad0       ?WSPEventSelect@DPROVIDER@@QAEHIPAXJPAH@Z 10007ad0 f i spi.obj
 0001:00006b10       ?WSPGetPeerName@DPROVIDER@@QAEHIPAUsockaddr@@PAH1@Z 10007b10 f i spi.obj
 0001:00006b50       ?WSPGetQOSByName@DPROVIDER@@QAEHIPAU_WSABUF@@PAU_QualityOfService@@PAH@Z 10007b50 f i spi.obj
 0001:00006b90       ?WSPGetSockName@DPROVIDER@@QAEHIPAUsockaddr@@PAH1@Z 10007b90 f i spi.obj
 0001:00006bd0       ?WSPGetSockOpt@DPROVIDER@@QAEHIHHPADPAH1@Z 10007bd0 f i spi.obj
 0001:00006c10       ?WSPJoinLeaf@DPROVIDER@@QAEHIPBUsockaddr@@HPAU_WSABUF@@1PAU_QualityOfService@@2KPAH@Z 10007c10 f i spi.obj
 0001:00006c60       ?WSPListen@DPROVIDER@@QAEHIHPAH@Z 10007c60 f i spi.obj
 0001:00006ca0       ?WSPRecvDisconnect@DPROVIDER@@QAEHIPAU_WSABUF@@PAH@Z 10007ca0 f i spi.obj
 0001:00006ce0       ?WSPSelect@DPROVIDER@@QAEHHPAUfd_set@@00PBUtimeval@@PAH@Z 10007ce0 f i spi.obj
 0001:00006d20       ?WSPSendDisconnect@DPROVIDER@@QAEHIPAU_WSABUF@@PAH@Z 10007d20 f i spi.obj
 0001:00006d60       ?WSPSetSockOpt@DPROVIDER@@QAEHIHHPBDHPAH@Z 10007d60 f i spi.obj
 0001:00006da0       ?WSPShutdown@DPROVIDER@@QAEHIHPAH@Z 10007da0 f i spi.obj
 0001:00006de0       ?WSPSocket@DPROVIDER@@QAEHHHHPAU_WSAPROTOCOL_INFOW@@IKPAH@Z 10007de0 f i spi.obj
 0001:00006e50       ?WSPStringToAddress@DPROVIDER@@QAEHPA_WHPAU_WSAPROTOCOL_INFOW@@PAUsockaddr@@PAH3@Z 10007e50 f i spi.obj
 0001:00006e90       ?GetPreApiNotifyFP@@YAP6AHHPAXPADZZXZ 10007e90 f   dthook.obj
 0001:00006ea0       ?GetPostApiNotifyFP@@YAP6AHHPAXPADZZXZ 10007ea0 f   dthook.obj
 0001:00006eb0       ?DTHookInitialize@@YAXXZ   10007eb0 f   dthook.obj
 0001:00006f00       ?DTHookShutdown@@YAXXZ     10007f00 f   dthook.obj
 0001:00006f2e       _WSCEnumProtocols@16       10007f2e f   ws2_32:WS2_32.dll
 0001:00006f34       _WSAGetLastError@0         10007f34 f   ws2_32:WS2_32.dll
 0001:00006f3a       _closesocket@4             10007f3a f   ws2_32:WS2_32.dll
 0001:00006f40       _htons@4                   10007f40 f   ws2_32:WS2_32.dll
 0001:00006f46       _inet_addr@4               10007f46 f   ws2_32:WS2_32.dll
 0001:00006f9a       __CRT_INIT@12              10007f9a f   MSVCRT:crtdll.obj
 0001:000072ba       __DllMainCRTStartup@12     100082ba f   MSVCRT:crtdll.obj
 0001:000072dd       ??_Etype_info@@UAEPAXI@Z   100082dd f i MSVCRT:ti_inst.obj
 0001:0000732a       ??2@YAPAXI@Z               1000832a f   MSVCRT:MSVCR100.dll
 0001:00007330       ??3@YAXPAX@Z               10008330 f   MSVCRT:MSVCR100.dll
 0001:00007336       _memset                    10008336 f   MSVCRT:MSVCR100.dll
 0001:0000733c       @__security_check_cookie@4 1000833c f   MSVCRT:secchk.obj
 0001:0000734c       _memcpy                    1000834c f   MSVCRT:MSVCR100.dll
 0001:00007352       _memcmp                    10008352 f   MSVCRT:MSVCR100.dll
 0001:00007358       _strcpy                    10008358 f   MSVCRT:MSVCR100.dll
 0001:0000735e       _strlen                    1000835e f   MSVCRT:MSVCR100.dll
 0001:00007370       __alloca_probe             10008370     MSVCRT:chkstk.obj
 0001:00007370       __chkstk                   10008370 f   MSVCRT:chkstk.obj
 0001:0000739b       ___clean_type_info_names   1000839b f   MSVCRT:tncleanup.obj
 0001:000073a7       __onexit                   100083a7 f   MSVCRT:atonexit.obj
 0001:00007448       _atexit                    10008448 f   MSVCRT:atonexit.obj
 0001:0000745f       __RTC_Initialize           1000845f f   MSVCRT:_initsect_.obj
 0001:00007485       __RTC_Terminate            10008485 f   MSVCRT:_initsect_.obj
 0001:000074b0       __ValidateImageBase        100084b0 f   MSVCRT:pesect.obj
 0001:000074f0       __FindPESection            100084f0 f   MSVCRT:pesect.obj
 0001:00007540       __IsNonwritableInCurrentImage 10008540 f   MSVCRT:pesect.obj
 0001:000075fc       __initterm                 100085fc f   MSVCRT:MSVCR100.dll
 0001:00007602       __initterm_e               10008602 f   MSVCRT:MSVCR100.dll
 0001:00007608       __amsg_exit                10008608 f   MSVCRT:MSVCR100.dll
 0001:0000760e       ___CppXcptFilter           1000860e f   MSVCRT:MSVCR100.dll
 0001:00007620       __SEH_prolog4              10008620 f   MSVCRT:sehprolg4.obj
 0001:00007665       __SEH_epilog4              10008665 f   MSVCRT:sehprolg4.obj
 0001:00007679       __except_handler4          10008679 f   MSVCRT:chandler4gs.obj
 0001:0000769e       ___security_init_cookie    1000869e f   MSVCRT:gs_support.obj
 0001:00007739       ?__ArrayUnwind@@YGXPAXIHP6EX0@Z@Z 10008739 f   MSVCRT:ehvecdtr.obj
 0001:00007797       ??_M@YGXPAXIHP6EX0@Z@Z     10008797 f   MSVCRT:ehvecdtr.obj
 0001:000077fa       ___report_gsfailure        100087fa f   MSVCRT:gs_report.obj
 0001:00007900       ___clean_type_info_names_internal 10008900 f   MSVCRT:MSVCR100.dll
 0001:00007906       __unlock                   10008906 f   MSVCRT:MSVCR100.dll
 0001:0000790c       ___dllonexit               1000890c f   MSVCRT:MSVCR100.dll
 0001:00007912       __lock                     10008912 f   MSVCRT:MSVCR100.dll
 0001:00007918       __except_handler4_common   10008918 f   MSVCRT:MSVCR100.dll
 0001:0000791e       ?terminate@@YAXXZ          1000891e f   MSVCRT:MSVCR100.dll
 0001:00007924       ??1type_info@@UAE@XZ       10008924 f   MSVCRT:MSVCR100.dll
 0001:00007924       ?_type_info_dtor_internal_method@type_info@@QAEXXZ 10008924 f   MSVCRT:MSVCR100.dll
 0001:0000792a       __crt_debugger_hook        1000892a f   MSVCRT:MSVCR100.dll
 0002:00000000       __imp__RegOpenKeyExA@20    10009000     advapi32:ADVAPI32.dll
 0002:00000004       __imp__RegQueryValueExA@24 10009004     advapi32:ADVAPI32.dll
 0002:00000008       __imp__RegCloseKey@4       10009008     advapi32:ADVAPI32.dll
 0002:0000000c       \177ADVAPI32_NULL_THUNK_DATA 1000900c     advapi32:ADVAPI32.dll
 0002:00000010       __imp__GetStockObject@4    10009010     gdi32:GDI32.dll
 0002:00000014       \177GDI32_NULL_THUNK_DATA  10009014     gdi32:GDI32.dll
 0002:00000018       __imp__Sleep@4             10009018     kernel32:KERNEL32.dll
 0002:0000001c       __imp__CreateThread@24     1000901c     kernel32:KERNEL32.dll
 0002:00000020       __imp__CloseHandle@4       10009020     kernel32:KERNEL32.dll
 0002:00000024       __imp__GetLastError@0      10009024     kernel32:KERNEL32.dll
 0002:00000028       __imp__ReleaseSemaphore@12 10009028     kernel32:KERNEL32.dll
 0002:0000002c       __imp__PostQueuedCompletionStatus@16 1000902c     kernel32:KERNEL32.dll
 0002:00000030       __imp__GetVersionExA@4     10009030     kernel32:KERNEL32.dll
 0002:00000034       __imp__GetSystemInfo@4     10009034     kernel32:KERNEL32.dll
 0002:00000038       __imp__CreateSemaphoreA@16 10009038     kernel32:KERNEL32.dll
 0002:0000003c       __imp__CreateIoCompletionPort@16 1000903c     kernel32:KERNEL32.dll
 0002:00000040       __imp__WaitForSingleObjectEx@12 10009040     kernel32:KERNEL32.dll
 0002:00000044       __imp__GetQueuedCompletionStatus@20 10009044     kernel32:KERNEL32.dll
 0002:00000048       __imp__TlsFree@4           10009048     kernel32:KERNEL32.dll
 0002:0000004c       __imp__TlsAlloc@0          1000904c     kernel32:KERNEL32.dll
 0002:00000050       __imp__FreeLibrary@4       10009050     kernel32:KERNEL32.dll
 0002:00000054       __imp__GetProcAddress@8    10009054     kernel32:KERNEL32.dll
 0002:00000058       __imp__ExpandEnvironmentStringsA@12 10009058     kernel32:KERNEL32.dll
 0002:0000005c       __imp__TlsSetValue@8       1000905c     kernel32:KERNEL32.dll
 0002:00000060       __imp__SetLastError@4      10009060     kernel32:KERNEL32.dll
 0002:00000064       __imp__ResetEvent@4        10009064     kernel32:KERNEL32.dll
 0002:00000068       __imp__LoadLibraryA@4      10009068     kernel32:KERNEL32.dll
 0002:0000006c       __imp__lstrcmpiA@8         1000906c     kernel32:KERNEL32.dll
 0002:00000070       __imp__lstrlenA@4          10009070     kernel32:KERNEL32.dll
 0002:00000074       __imp__GetModuleFileNameA@12 10009074     kernel32:KERNEL32.dll
 0002:00000078       __imp__IsBadReadPtr@8      10009078     kernel32:KERNEL32.dll
 0002:0000007c       __imp__WaitForSingleObject@8 1000907c     kernel32:KERNEL32.dll
 0002:00000080       __imp__GetModuleHandleA@4  10009080     kernel32:KERNEL32.dll
 0002:00000084       __imp__SetUnhandledExceptionFilter@4 10009084     kernel32:KERNEL32.dll
 0002:00000088       __imp__UnhandledExceptionFilter@4 10009088     kernel32:KERNEL32.dll
 0002:0000008c       __imp__GetCurrentProcess@0 1000908c     kernel32:KERNEL32.dll
 0002:00000090       __imp__TerminateProcess@8  10009090     kernel32:KERNEL32.dll
 0002:00000094       __imp__GetSystemTimeAsFileTime@4 10009094     kernel32:KERNEL32.dll
 0002:00000098       __imp__GetCurrentProcessId@0 10009098     kernel32:KERNEL32.dll
 0002:0000009c       __imp__FreeLibraryAndExitThread@8 1000909c     kernel32:KERNEL32.dll
 0002:000000a0       __imp__DeleteCriticalSection@4 100090a0     kernel32:KERNEL32.dll
 0002:000000a4       __imp__EnterCriticalSection@4 100090a4     kernel32:KERNEL32.dll
 0002:000000a8       __imp__LeaveCriticalSection@4 100090a8     kernel32:KERNEL32.dll
 0002:000000ac       __imp__GetCurrentThreadId@0 100090ac     kernel32:KERNEL32.dll
 0002:000000b0       __imp__GetTickCount@0      100090b0     kernel32:KERNEL32.dll
 0002:000000b4       __imp__QueryPerformanceCounter@4 100090b4     kernel32:KERNEL32.dll
 0002:000000b8       __imp__InterlockedCompareExchange@12 100090b8     kernel32:KERNEL32.dll
 0002:000000bc       __imp__InterlockedExchange@8 100090bc     kernel32:KERNEL32.dll
 0002:000000c0       __imp__IsDebuggerPresent@0 100090c0     kernel32:KERNEL32.dll
 0002:000000c4       __imp__DecodePointer@4     100090c4     kernel32:KERNEL32.dll
 0002:000000c8       __imp__EncodePointer@4     100090c8     kernel32:KERNEL32.dll
 0002:000000cc       __imp__TlsGetValue@4       100090cc     kernel32:KERNEL32.dll
 0002:000000d0       __imp__InitializeCriticalSection@4 100090d0     kernel32:KERNEL32.dll
 0002:000000d4       \177KERNEL32_NULL_THUNK_DATA 100090d4     kernel32:KERNEL32.dll
 0002:000000d8       __imp___unlock             100090d8     MSVCRT:MSVCR100.dll
 0002:000000dc       __imp_?_type_info_dtor_internal_method@type_info@@QAEXXZ 100090dc     MSVCRT:MSVCR100.dll
 0002:000000e0       __imp_?terminate@@YAXXZ    100090e0     MSVCRT:MSVCR100.dll
 0002:000000e4       __imp___except_handler4_common 100090e4     MSVCRT:MSVCR100.dll
 0002:000000e8       __imp_??2@YAPAXI@Z         100090e8     MSVCRT:MSVCR100.dll
 0002:000000ec       __imp_??3@YAXPAX@Z         100090ec     MSVCRT:MSVCR100.dll
 0002:000000f0       __imp__memset              100090f0     MSVCRT:MSVCR100.dll
 0002:000000f4       __imp___wassert            100090f4     MSVCRT:MSVCR100.dll
 0002:000000f8       __imp__memcpy              100090f8     MSVCRT:MSVCR100.dll
 0002:000000fc       __imp__memcmp              100090fc     MSVCRT:MSVCR100.dll
 0002:00000100       __imp__strcpy              10009100     MSVCRT:MSVCR100.dll
 0002:00000104       __imp__strlen              10009104     MSVCRT:MSVCR100.dll
 0002:00000108       __imp__wcstombs            10009108     MSVCRT:MSVCR100.dll
 0002:0000010c       __imp___malloc_crt         1000910c     MSVCRT:MSVCR100.dll
 0002:00000110       __imp__free                10009110     MSVCRT:MSVCR100.dll
 0002:00000114       __imp___encoded_null       10009114     MSVCRT:MSVCR100.dll
 0002:00000118       __imp___initterm           10009118     MSVCRT:MSVCR100.dll
 0002:0000011c       __imp___initterm_e         1000911c     MSVCRT:MSVCR100.dll
 0002:00000120       __imp___amsg_exit          10009120     MSVCRT:MSVCR100.dll
 0002:00000124       __imp____CppXcptFilter     10009124     MSVCRT:MSVCR100.dll
 0002:00000128       __imp____clean_type_info_names_internal 10009128     MSVCRT:MSVCR100.dll
 0002:0000012c       __imp___onexit             1000912c     MSVCRT:MSVCR100.dll
 0002:00000130       __imp____dllonexit         10009130     MSVCRT:MSVCR100.dll
 0002:00000134       __imp___lock               10009134     MSVCRT:MSVCR100.dll
 0002:00000138       __imp___crt_debugger_hook  10009138     MSVCRT:MSVCR100.dll
 0002:0000013c       \177MSVCR100_NULL_THUNK_DATA 1000913c     MSVCRT:MSVCR100.dll
 0002:00000140       __imp__LoadCursorA@8       10009140     user32:USER32.dll
 0002:00000144       __imp__PostThreadMessageA@16 10009144     user32:USER32.dll
 0002:00000148       __imp__RegisterClassA@4    10009148     user32:USER32.dll
 0002:0000014c       __imp__LoadIconA@8         1000914c     user32:USER32.dll
 0002:00000150       __imp__CreateWindowExA@48  10009150     user32:USER32.dll
 0002:00000154       __imp__SetWindowLongA@12   10009154     user32:USER32.dll
 0002:00000158       __imp__GetWindowLongA@8    10009158     user32:USER32.dll
 0002:0000015c       __imp__DefWindowProcA@16   1000915c     user32:USER32.dll
 0002:00000160       __imp__GetMessageA@16      10009160     user32:USER32.dll
 0002:00000164       __imp__TranslateMessage@4  10009164     user32:USER32.dll
 0002:00000168       __imp__DispatchMessageA@4  10009168     user32:USER32.dll
 0002:0000016c       __imp__DestroyWindow@4     1000916c     user32:USER32.dll
 0002:00000170       \177USER32_NULL_THUNK_DATA 10009170     user32:USER32.dll
 0002:00000174       __imp__htons@4             10009174     ws2_32:WS2_32.dll
 0002:00000178       __imp__closesocket@4       10009178     ws2_32:WS2_32.dll
 0002:0000017c       __imp__WSAGetLastError@0   1000917c     ws2_32:WS2_32.dll
 0002:00000180       __imp__WSCEnumProtocols@16 10009180     ws2_32:WS2_32.dll
 0002:00000184       __imp__inet_addr@4         10009184     ws2_32:WS2_32.dll
 0002:00000188       \177WS2_32_NULL_THUNK_DATA 10009188     ws2_32:WS2_32.dll
 0002:0000018c       ___xc_a                    1000918c     MSVCRT:cinitexe.obj
 0002:00000190       ___xc_z                    10009190     MSVCRT:cinitexe.obj
 0002:00000194       ___xi_a                    10009194     MSVCRT:cinitexe.obj
 0002:0000019c       ___xi_z                    1000919c     MSVCRT:cinitexe.obj
 0002:000001a4       ??_7DBUFFERMANAGER@@6B@    100091a4     dbuffmgr.obj
 0002:000007d4       ??_C@_1DC@PAPLEBB@?$AAm?$AA_?$AAp?$AAr?$AAo?$AAc?$AAt?$AAa?$AAb?$AAl?$AAe?$AA?9?$AA?$DO?$AAl?$AAp?$AAW?$AAS?$AAP?$AAS?$AAo?$AAc?$AAk?$AAe?$AAt?$AA?$AA@ 100097d4     spi.obj
 0002:00000808       ??_C@_1NA@HLBDJEJA@?$AAe?$AA?3?$AA?2?$AAp?$AAr?$AAo?$AAy?$AAe?$AAc?$AAt?$AAo?$AA?5?$AAk?$AAe?$AAr?$AAb?$AAe?$AAr?$AAu?$AAs?$AA?2?$AAc?$AAl?$AAi?$AAe?$AAn?$AAt?$AAe?$AA?2?$AAb?$AAr?$AAa@ 10009808     spi.obj
 0002:00000908       __pRawDllMain              10009908     MSVCRT:crtdll.obj
 0002:00000908       __pDefaultRawDllMain       10009908     MSVCRT:crtdll.obj
 0002:00000910       ??_7type_info@@6B@         10009910     MSVCRT:ti_inst.obj
 0002:00000920       __load_config_used         10009920     MSVCRT:loadcfg.obj
 0002:00000968       ??_R4DBUFFERMANAGER@@6B@   10009968     dbuffmgr.obj
 0002:0000097c       ??_R3DBUFFERMANAGER@@8     1000997c     dbuffmgr.obj
 0002:0000098c       ??_R2DBUFFERMANAGER@@8     1000998c     dbuffmgr.obj
 0002:00000994       ??_R1A@?0A@EA@DBUFFERMANAGER@@8 10009994     dbuffmgr.obj
 0002:000009b0       ??_R4type_info@@6B@        100099b0     MSVCRT:ti_inst.obj
 0002:000009c4       ??_R3type_info@@8          100099c4     MSVCRT:ti_inst.obj
 0002:000009d4       ??_R2type_info@@8          100099d4     MSVCRT:ti_inst.obj
 0002:000009dc       ??_R1A@?0A@EA@type_info@@8 100099dc     MSVCRT:ti_inst.obj
 0002:00000a00       ___safe_se_handler_table   10009a00     <linker-defined>
 0002:00000a04       ___rtc_iaa                 10009a04     MSVCRT:_initsect_.obj
 0002:00000a08       ___rtc_izz                 10009a08     MSVCRT:_initsect_.obj
 0002:00000a0c       ___rtc_taa                 10009a0c     MSVCRT:_initsect_.obj
 0002:00000a10       ___rtc_tzz                 10009a10     MSVCRT:_initsect_.obj
 0002:00000abc       __IMPORT_DESCRIPTOR_KERNEL32 10009abc     kernel32:KERNEL32.dll
 0002:00000ad0       __IMPORT_DESCRIPTOR_WS2_32 10009ad0     ws2_32:WS2_32.dll
 0002:00000ae4       __IMPORT_DESCRIPTOR_ADVAPI32 10009ae4     advapi32:ADVAPI32.dll
 0002:00000af8       __IMPORT_DESCRIPTOR_USER32 10009af8     user32:USER32.dll
 0002:00000b0c       __IMPORT_DESCRIPTOR_GDI32  10009b0c     gdi32:GDI32.dll
 0002:00000b20       __IMPORT_DESCRIPTOR_MSVCR100 10009b20     MSVCRT:MSVCR100.dll
 0002:00000b34       __NULL_IMPORT_DESCRIPTOR   10009b34     kernel32:KERNEL32.dll
 0003:00000000       ??_R0?AVDBUFFERMANAGER@@@8 1000b000     dbuffmgr.obj
 0003:00000020       ?LayeredProviderGuid@@3U_GUID@@A 1000b020     dcatalog.obj
 0003:00000030       ?TlsIndex@@3KA             1000b030     dllmain.obj
 0003:00000034       ?TransmitFileGuid@@3U_GUID@@A 1000b034     dprovide.obj
 0003:00000044       ?AcceptExGuid@@3U_GUID@@A  1000b044     dprovide.obj
 0003:00000054       ?GetAcceptExSockAddrsGuild@@3U_GUID@@A 1000b054     dprovide.obj
 0003:00000068       ?gWorkerThread@@3PAVDWORKERTHREAD@@A 1000b068     spi.obj
 0003:0000006c       ?gAsyncWindow@@3PAVDASYNCWINDOW@@A 1000b06c     spi.obj
 0003:00000070       ?gLibraryName@@3PADA       1000b070     spi.obj
 0003:00000178       ??_R0?AVtype_info@@@8      1000b178     MSVCRT:ti_inst.obj
 0003:00000190       ___security_cookie         1000b190     MSVCRT:gs_cookie.obj
 0003:00000194       ___security_cookie_complement 1000b194     MSVCRT:gs_cookie.obj
 0003:000001a0       ___native_dllmain_reason   1000b1a0     MSVCRT:natstart.obj
 0003:000001a4       ___native_vcclrit_reason   1000b1a4     MSVCRT:natstart.obj
 0003:000001b0       ?gOverlappedManager@@3PAVDOVERLAPPEDSTRUCTMGR@@A 1000b1b0     dworker.obj
 0003:000001c8       ?HDllInstance@@3PAUHINSTANCE__@@A 1000b1c8     dllmain.obj
 0003:000001cc       ?m_socket_list@DSOCKET@@0U_LIST_ENTRY@@A 1000b1cc     dsocket.obj
 0003:000001d4       ?m_socket_list_lock@DSOCKET@@0U_RTL_CRITICAL_SECTION@@A 1000b1d4     dsocket.obj
 0003:000001ec       ?gBufferManager@@3PAVDBUFFERMANAGER@@A 1000b1ec     spi.obj
 0003:000001f0       ?gInitCriticalSection@@3U_RTL_CRITICAL_SECTION@@A 1000b1f0     spi.obj
 0003:00000208       ?lpWPUCompleteOverlappedRequest@@3P6GHIPAU_OVERLAPPED@@KKPAH@ZA 1000b208     spi.obj
 0003:0000020c       ?gProviderCatalog@@3PAVDCATALOG@@A 1000b20c     spi.obj
 0003:00000210       ?gUpCallTable@@3U_WSPUPCALLTABLE@@A 1000b210     spi.obj
 0003:0000024c       ?gStartupCount@@3KA        1000b24c     spi.obj
 0003:00000260       ?__type_info_root_node@@3U__type_info_node@@A 1000b260     MSVCRT:tncleanup.obj
 0003:0000058c       ___native_startup_state    1000b58c     <common>
 0003:00000590       ___native_startup_lock     1000b590     <common>
 0003:00000594       ___onexitend               1000b594     <common>
 0003:00000598       ___onexitbegin             1000b598     <common>
 0003:0000059c       ___dyn_tls_init_callback   1000b59c     <common>

 entry point at        0001:000072ba

 Static symbols

 0001:00006f4c       _pre_c_init                10007f4c f   MSVCRT:crtdll.obj
 0001:000071a4       ___DllMainCRTStartup       100081a4 f   MSVCRT:crtdll.obj
